------------------------------------------------------------
TimeQuest Timing Analyzer Summary
------------------------------------------------------------

Type  : Slow 1200mV 85C Model Setup 'guest|pll|altpll_component|auto_generated|pll1|clk[2]'
Slack : -11.303
TNS   : -356.859

Type  : Slow 1200mV 85C Model Setup 'guest|pll|altpll_component|auto_generated|pll1|clk[0]'
Slack : -9.375
TNS   : -958.945

Type  : Slow 1200mV 85C Model Setup 'guest|pll|altpll_component|auto_generated|pll1|clk[3]'
Slack : -8.120
TNS   : -8.120

Type  : Slow 1200mV 85C Model Setup 'guest|pll|altpll_component|auto_generated|pll1|clk[4]'
Slack : 1.711
TNS   : 0.000

Type  : Slow 1200mV 85C Model Setup 'clk_50'
Slack : 8.859
TNS   : 0.000

Type  : Slow 1200mV 85C Model Setup 'spiclk'
Slack : 10.103
TNS   : 0.000

Type  : Slow 1200mV 85C Model Hold 'spiclk'
Slack : 0.428
TNS   : 0.000

Type  : Slow 1200mV 85C Model Hold 'guest|pll|altpll_component|auto_generated|pll1|clk[0]'
Slack : 0.429
TNS   : 0.000

Type  : Slow 1200mV 85C Model Hold 'guest|pll|altpll_component|auto_generated|pll1|clk[2]'
Slack : 0.430
TNS   : 0.000

Type  : Slow 1200mV 85C Model Hold 'guest|pll|altpll_component|auto_generated|pll1|clk[3]'
Slack : 0.444
TNS   : 0.000

Type  : Slow 1200mV 85C Model Hold 'guest|pll|altpll_component|auto_generated|pll1|clk[4]'
Slack : 0.450
TNS   : 0.000

Type  : Slow 1200mV 85C Model Hold 'clk_50'
Slack : 0.472
TNS   : 0.000

Type  : Slow 1200mV 85C Model Recovery 'spiclk'
Slack : -4.337
TNS   : -26.022

Type  : Slow 1200mV 85C Model Recovery 'guest|pll|altpll_component|auto_generated|pll1|clk[0]'
Slack : -3.176
TNS   : -480.337

Type  : Slow 1200mV 85C Model Recovery 'clk_50'
Slack : 13.329
TNS   : 0.000

Type  : Slow 1200mV 85C Model Removal 'spiclk'
Slack : 2.001
TNS   : 0.000

Type  : Slow 1200mV 85C Model Removal 'clk_50'
Slack : 4.357
TNS   : 0.000

Type  : Slow 1200mV 85C Model Removal 'guest|pll|altpll_component|auto_generated|pll1|clk[0]'
Slack : 6.451
TNS   : 0.000

Type  : Slow 1200mV 85C Model Minimum Pulse Width 'guest|pll|altpll_component|auto_generated|pll1|clk[4]'
Slack : 3.940
TNS   : 0.000

Type  : Slow 1200mV 85C Model Minimum Pulse Width 'clk_50'
Slack : 9.282
TNS   : 0.000

Type  : Slow 1200mV 85C Model Minimum Pulse Width 'guest|pll|altpll_component|auto_generated|pll1|clk[3]'
Slack : 16.706
TNS   : 0.000

Type  : Slow 1200mV 85C Model Minimum Pulse Width 'guest|pll|altpll_component|auto_generated|pll1|clk[0]'
Slack : 33.696
TNS   : 0.000

Type  : Slow 1200mV 85C Model Minimum Pulse Width 'spiclk'
Slack : 39.683
TNS   : 0.000

Type  : Slow 1200mV 85C Model Minimum Pulse Width 'guest|pll|altpll_component|auto_generated|pll1|clk[2]'
Slack : 135.834
TNS   : 0.000

Type  : Slow 1200mV 0C Model Setup 'guest|pll|altpll_component|auto_generated|pll1|clk[2]'
Slack : -10.075
TNS   : -317.681

Type  : Slow 1200mV 0C Model Setup 'guest|pll|altpll_component|auto_generated|pll1|clk[0]'
Slack : -8.478
TNS   : -836.769

Type  : Slow 1200mV 0C Model Setup 'guest|pll|altpll_component|auto_generated|pll1|clk[3]'
Slack : -7.215
TNS   : -7.215

Type  : Slow 1200mV 0C Model Setup 'guest|pll|altpll_component|auto_generated|pll1|clk[4]'
Slack : 1.978
TNS   : 0.000

Type  : Slow 1200mV 0C Model Setup 'clk_50'
Slack : 9.640
TNS   : 0.000

Type  : Slow 1200mV 0C Model Setup 'spiclk'
Slack : 10.311
TNS   : 0.000

Type  : Slow 1200mV 0C Model Hold 'guest|pll|altpll_component|auto_generated|pll1|clk[0]'
Slack : 0.379
TNS   : 0.000

Type  : Slow 1200mV 0C Model Hold 'guest|pll|altpll_component|auto_generated|pll1|clk[2]'
Slack : 0.380
TNS   : 0.000

Type  : Slow 1200mV 0C Model Hold 'spiclk'
Slack : 0.397
TNS   : 0.000

Type  : Slow 1200mV 0C Model Hold 'guest|pll|altpll_component|auto_generated|pll1|clk[3]'
Slack : 0.398
TNS   : 0.000

Type  : Slow 1200mV 0C Model Hold 'guest|pll|altpll_component|auto_generated|pll1|clk[4]'
Slack : 0.399
TNS   : 0.000

Type  : Slow 1200mV 0C Model Hold 'clk_50'
Slack : 0.420
TNS   : 0.000

Type  : Slow 1200mV 0C Model Recovery 'spiclk'
Slack : -4.762
TNS   : -28.572

Type  : Slow 1200mV 0C Model Recovery 'guest|pll|altpll_component|auto_generated|pll1|clk[0]'
Slack : -2.744
TNS   : -410.469

Type  : Slow 1200mV 0C Model Recovery 'clk_50'
Slack : 13.839
TNS   : 0.000

Type  : Slow 1200mV 0C Model Removal 'spiclk'
Slack : 1.653
TNS   : 0.000

Type  : Slow 1200mV 0C Model Removal 'clk_50'
Slack : 3.888
TNS   : 0.000

Type  : Slow 1200mV 0C Model Removal 'guest|pll|altpll_component|auto_generated|pll1|clk[0]'
Slack : 5.741
TNS   : 0.000

Type  : Slow 1200mV 0C Model Minimum Pulse Width 'guest|pll|altpll_component|auto_generated|pll1|clk[4]'
Slack : 3.945
TNS   : 0.000

Type  : Slow 1200mV 0C Model Minimum Pulse Width 'clk_50'
Slack : 9.259
TNS   : 0.000

Type  : Slow 1200mV 0C Model Minimum Pulse Width 'guest|pll|altpll_component|auto_generated|pll1|clk[3]'
Slack : 16.711
TNS   : 0.000

Type  : Slow 1200mV 0C Model Minimum Pulse Width 'guest|pll|altpll_component|auto_generated|pll1|clk[0]'
Slack : 33.679
TNS   : 0.000

Type  : Slow 1200mV 0C Model Minimum Pulse Width 'spiclk'
Slack : 39.550
TNS   : 0.000

Type  : Slow 1200mV 0C Model Minimum Pulse Width 'guest|pll|altpll_component|auto_generated|pll1|clk[2]'
Slack : 135.808
TNS   : 0.000

Type  : Fast 1200mV 0C Model Setup 'guest|pll|altpll_component|auto_generated|pll1|clk[2]'
Slack : -4.382
TNS   : -134.350

Type  : Fast 1200mV 0C Model Setup 'guest|pll|altpll_component|auto_generated|pll1|clk[0]'
Slack : -3.901
TNS   : -346.080

Type  : Fast 1200mV 0C Model Setup 'guest|pll|altpll_component|auto_generated|pll1|clk[3]'
Slack : -2.987
TNS   : -2.987

Type  : Fast 1200mV 0C Model Setup 'guest|pll|altpll_component|auto_generated|pll1|clk[4]'
Slack : 3.894
TNS   : 0.000

Type  : Fast 1200mV 0C Model Setup 'clk_50'
Slack : 15.086
TNS   : 0.000

Type  : Fast 1200mV 0C Model Setup 'spiclk'
Slack : 15.269
TNS   : 0.000

Type  : Fast 1200mV 0C Model Hold 'spiclk'
Slack : 0.148
TNS   : 0.000

Type  : Fast 1200mV 0C Model Hold 'guest|pll|altpll_component|auto_generated|pll1|clk[3]'
Slack : 0.151
TNS   : 0.000

Type  : Fast 1200mV 0C Model Hold 'guest|pll|altpll_component|auto_generated|pll1|clk[0]'
Slack : 0.153
TNS   : 0.000

Type  : Fast 1200mV 0C Model Hold 'guest|pll|altpll_component|auto_generated|pll1|clk[2]'
Slack : 0.177
TNS   : 0.000

Type  : Fast 1200mV 0C Model Hold 'clk_50'
Slack : 0.178
TNS   : 0.000

Type  : Fast 1200mV 0C Model Hold 'guest|pll|altpll_component|auto_generated|pll1|clk[4]'
Slack : 0.185
TNS   : 0.000

Type  : Fast 1200mV 0C Model Recovery 'spiclk'
Slack : -0.948
TNS   : -5.688

Type  : Fast 1200mV 0C Model Recovery 'guest|pll|altpll_component|auto_generated|pll1|clk[0]'
Slack : -0.042
TNS   : -1.892

Type  : Fast 1200mV 0C Model Recovery 'clk_50'
Slack : 16.741
TNS   : 0.000

Type  : Fast 1200mV 0C Model Removal 'spiclk'
Slack : 0.909
TNS   : 0.000

Type  : Fast 1200mV 0C Model Removal 'clk_50'
Slack : 1.910
TNS   : 0.000

Type  : Fast 1200mV 0C Model Removal 'guest|pll|altpll_component|auto_generated|pll1|clk[0]'
Slack : 2.884
TNS   : 0.000

Type  : Fast 1200mV 0C Model Minimum Pulse Width 'guest|pll|altpll_component|auto_generated|pll1|clk[4]'
Slack : 4.036
TNS   : 0.000

Type  : Fast 1200mV 0C Model Minimum Pulse Width 'clk_50'
Slack : 9.212
TNS   : 0.000

Type  : Fast 1200mV 0C Model Minimum Pulse Width 'guest|pll|altpll_component|auto_generated|pll1|clk[3]'
Slack : 16.772
TNS   : 0.000

Type  : Fast 1200mV 0C Model Minimum Pulse Width 'guest|pll|altpll_component|auto_generated|pll1|clk[0]'
Slack : 33.793
TNS   : 0.000

Type  : Fast 1200mV 0C Model Minimum Pulse Width 'spiclk'
Slack : 39.593
TNS   : 0.000

Type  : Fast 1200mV 0C Model Minimum Pulse Width 'guest|pll|altpll_component|auto_generated|pll1|clk[2]'
Slack : 135.950
TNS   : 0.000

------------------------------------------------------------
